
> build
> vue-tsc --noEmit && nuxt build

[90mΓöî[39m  [36mBuilding Nuxt for production...[39m
[90mΓöé[39m
[34mΓùÅ[39m  [32mNuxt [1m4.3.1[22m[39m[90m (with [39m[90mNitro [1m2.13.1[22m[39m[90m, Vite [1m7.3.1[22m[39m[90m and Vue [1m3.5.28[22m[39m[90m)[39m
[90m[[90mnuxt:tailwindcss[90m][39m [36mΓä╣[39m Using default Tailwind CSS file
[90mΓöé[39m
[34mΓùÅ[39m  Nitro preset: [36mcloudflare-pages[39m
[36mΓä╣[39m Building client...
[36mΓä╣[39m [36mvite v7.3.1 [32mbuilding client environment for production...[36m[39m
[36mΓä╣[39m transforming...
[36mΓä╣[39m [32mΓ£ô[39m 54 modules transformed.
node.exe : 
At line:1 char:1
+ & "C:\Program Files\n
odejs/node.exe" "C:\Pro
gram Files\nodejs/node_
mo ...
+ ~~~~~~~~~~~~~~~~~~~~~
~~~~~~~~~~~~~~~~~~~~~~~
~~~~~~~~~~~~~~~~~~~~~~~
~~
    + CategoryInfo     
         : NotSpecifi  
  ed: (:String) [],    
 RemoteException
    + FullyQualifiedEr 
   rorId : NativeComm  
  andError
 
[41m[30m ERROR [39m
[49m [31mΓ£ù[39m Buil
d failed in 1.25s

[90mΓöé[39m
[31mΓûá[39m  Nuxt build error: RollupError: [31m[vite:vue] [plugin vite:vue] app/pages/contact.vue?macro=true (173:1): Invalid end tag.[39m
[90mΓöé[39m  file: [36mC:/Users/Faqih sh/OneDrive/Dokumen/Portfolio/Portfolio/app/pages/contact.vue:173:1 (C:/Users/Faqih sh/OneDrive/Dokumen/Portfolio/Portfolio/app/pages/contact.vue?macro=true)[39m
